
> shabra-os@0.1.0 build
> next build

   ظû▓ Next.js 15.4.6
   - Environments: .env
   - Experiments (use with caution):
     ┬╖ optimizePackageImports

   Creating an optimized production build ...
node.exe : Failed to compile.
At C:\Program Files\nodejs\npm.ps1:29 char:3
+   & $NODE_EXE $NPM_CLI_JS $args
+   ~~~~~~~~~~~~~~~~~~~~~~~~~~~~~
    + CategoryInfo          : NotSpecified: (Failed to compile.:String) [], RemoteException
    + FullyQualifiedErrorId : NativeCommandError
 

./src/components/dashboard/MobileAttendanceHistory.tsx
Error:   [31mx[0m The "use client" directive must be placed before other expressions. Move it to the top of the file to resolve this 
issue.
    ,-[[36;1;4mF:\shabra-os\src\components\dashboard\MobileAttendanceHistory.tsx[0m:9:1]
 [2m 6[0m | import { Button } from '@/components/ui/button';
 [2m 7[0m | import { Card, CardContent, CardHeader, CardTitle } from '@/components/ui/card';
 [2m 8[0m | 
 [2m 9[0m | 'use client';
    : [35;1m^^^^^^^^^^^^^[0m
 [2m10[0m | 
 [2m11[0m | import {
 [2m12[0m |   Clock,
    `----

Import trace for requested module:
./src/components/dashboard/MobileAttendanceHistory.tsx
./src/app/attendance/page.tsx

./src/components/dashboard/MobileDashboard.tsx
Error:   [31mx[0m The "use client" directive must be placed before other expressions. Move it to the top of the file to resolve this 
issue.
    ,-[[36;1;4mF:\shabra-os\src\components\dashboard\MobileDashboard.tsx[0m:16:1]
 [2m13[0m | import { QuickActionCard } from './QuickActionCard';
 [2m14[0m | import { SwipeableStatsCard } from './SwipeableStatsCard';
 [2m15[0m | 
 [2m16[0m | 'use client';
    : [35;1m^^^^^^^^^^^^^[0m
 [2m17[0m | 
 [2m18[0m | import {
 [2m19[0m |   Clock,
    `----

Import trace for requested module:
./src/components/dashboard/MobileDashboard.tsx
./src/app/page.tsx

./src/components/forms/MobileInput.tsx
Error:   [31mx[0m The "use client" directive must be placed before other expressions. Move it to the top of the file to resolve this 
issue.
    ,-[[36;1;4mF:\shabra-os\src\components\forms\MobileInput.tsx[0m:9:1]
 [2m 6[0m | 
 [2m 7[0m | import { cn } from '@/lib/utils';
 [2m 8[0m | 
 [2m 9[0m | 'use client';
    : [35;1m^^^^^^^^^^^^^[0m
 [2m10[0m | 
 [2m11[0m | interface MobileInputProps extends React.InputHTMLAttributes<HTMLInputElement> {
 [2m12[0m |   error?: boolean;
    `----

Import trace for requested module:
./src/components/forms/MobileInput.tsx
./src/components/forms/index.ts
./src/components/calendar/MobileContentCalendar.tsx
./src/app/content-calendar/page.tsx

./src/components/forms/MobileSelect.tsx
Error:   [31mx[0m The "use client" directive must be placed before other expressions. Move it to the top of the file to resolve this 
issue.
    ,-[[36;1;4mF:\shabra-os\src\components\forms\MobileSelect.tsx[0m:9:1]
 [2m 6[0m | 
 [2m 7[0m | import { cn } from '@/lib/utils';
 [2m 8[0m | 
 [2m 9[0m | 'use client';
    : [35;1m^^^^^^^^^^^^^[0m
 [2m10[0m | 
 [2m11[0m | import {
 [2m12[0m |   Select,
    `----

Import trace for requested module:
./src/components/forms/MobileSelect.tsx
./src/components/forms/index.ts
./src/components/calendar/MobileContentCalendar.tsx
./src/app/content-calendar/page.tsx

./src/components/forms/MobileTextarea.tsx
Error:   [31mx[0m The "use client" directive must be placed before other expressions. Move it to the top of the file to resolve this 
issue.
    ,-[[36;1;4mF:\shabra-os\src\components\forms\MobileTextarea.tsx[0m:9:1]
 [2m 6[0m | 
 [2m 7[0m | import { cn } from '@/lib/utils';
 [2m 8[0m | 
 [2m 9[0m | 'use client';
    : [35;1m^^^^^^^^^^^^^[0m
 [2m10[0m | 
 [2m11[0m | interface MobileTextareaProps
 [2m12[0m |   extends React.TextareaHTMLAttributes<HTMLTextAreaElement> {
    `----

Import trace for requested module:
./src/components/forms/MobileTextarea.tsx
./src/components/forms/index.ts
./src/components/calendar/MobileContentCalendar.tsx
./src/app/content-calendar/page.tsx


> Build failed because of webpack errors
